tempest.api.compute.servers.test_server_actions.ServerActionsV293TestJSON.test_rebuild_volume_backed_server
tempest.api.compute.servers.test_servers.ServersListShow2100Test.test_list_show_rebuild_update_server_2100
tempest.api.compute.servers.test_servers.ServersListShow298Test.test_list_show_update_rebuild_server_298
tempest.api.image.v2.admin.test_images.ImportCopyImagesTest.test_image_copy_image_import
tempest.api.image.v2.admin.test_images.MultiStoresImagesTest.test_delete_image_from_specific_store
tempest.api.image.v2.test_images.ImportImagesTest.test_image_glance_direct_import
tempest.api.image.v2.test_images.ImportImagesTest.test_image_web_download_import
tempest.api.image.v2.test_images.MultiStoresImportImagesTest.test_glance_direct_import_image_to_all_stores
tempest.api.image.v2.test_images.MultiStoresImportImagesTest.test_glance_direct_import_image_to_specific_stores
tempest.api.object_storage.test_account_quotas_negative.AccountQuotasNegativeTest.test_user_modify_quota
tempest.api.object_storage.test_container_acl_negative.ObjectACLsNegativeTest.test_delete_object_with_non_authorized_user
tempest.api.object_storage.test_container_acl_negative.ObjectACLsNegativeTest.test_delete_object_without_write_rights
tempest.api.object_storage.test_container_acl_negative.ObjectACLsNegativeTest.test_read_object_with_non_authorized_user
tempest.api.object_storage.test_container_acl_negative.ObjectACLsNegativeTest.test_read_object_without_rights
tempest.api.object_storage.test_container_acl_negative.ObjectACLsNegativeTest.test_write_object_with_non_authorized_user
tempest.api.object_storage.test_container_acl_negative.ObjectACLsNegativeTest.test_write_object_without_rights
tempest.api.object_storage.test_container_acl_negative.ObjectACLsNegativeTest.test_write_object_without_write_rights
tempest.api.object_storage.test_container_quotas.ContainerQuotasTest.test_upload_too_many_objects
tempest.api.object_storage.test_container_sync_middleware.ContainerSyncMiddlewareTest.test_container_synchronization
tempest.api.volume.test_volumes_actions.VolumesActionsTest.test_volume_upload
