barbican_tempest_plugin.tests.scenario.test_certificate_validation.CertificateValidationTest.test_signed_image_invalid_cert_boot_failure
barbican_tempest_plugin.tests.scenario.test_certificate_validation.CertificateValidationTest.test_signed_image_upload_and_boot
barbican_tempest_plugin.tests.scenario.test_certificate_validation.CertificateValidationTest.test_signed_image_upload_and_hard_reboot
barbican_tempest_plugin.tests.scenario.test_certificate_validation.CertificateValidationTest.test_signed_image_upload_and_server_rebuild
barbican_tempest_plugin.tests.scenario.test_image_signing.ImageSigningSnapshotTest.test_signed_image_upload_boot_snapshot
barbican_tempest_plugin.tests.scenario.test_image_signing.ImageSigningTest.test_signed_image_upload_and_boot
barbican_tempest_plugin.tests.scenario.test_image_signing.ImageSigningTest.test_signed_image_upload_boot_failure
octavia_tempest_plugin.tests.act_stdby_scenario.v2.test_active_standby.ActiveStandbyScenarioTest
octavia_tempest_plugin.tests.act_stdby_scenario.v2.test_active_standby.ActiveStandbyScenarioTest.test_active_standby_vrrp_failover
octavia_tempest_plugin.tests.api.v2.test_amphora.AmphoraAPITest
octavia_tempest_plugin.tests.api.v2.test_healthmonitor.HealthMonitorAPITest
octavia_tempest_plugin.tests.api.v2.test_listener.ListenerAPITest
octavia_tempest_plugin.tests.api.v2.test_load_balancer.LoadBalancerAPITest.test_load_balancer_list
octavia_tempest_plugin.tests.api.v2.test_member.MemberAPITest1
octavia_tempest_plugin.tests.api.v2.test_member.MemberAPITest2
octavia_tempest_plugin.tests.api.v2.test_pool.PoolAPITest
octavia_tempest_plugin.tests.barbican_scenario.v2.test_tls_barbican.TLSWithBarbicanTest
octavia_tempest_plugin.tests.scenario.v2.test_ipv6_traffic_ops.IPv6TrafficOperationsScenarioTest
octavia_tempest_plugin.tests.scenario.v2.test_l7policy.L7PolicyScenarioTest
octavia_tempest_plugin.tests.scenario.v2.test_l7rule.L7RuleScenarioTest
octavia_tempest_plugin.tests.scenario.v2.test_listener.ListenerScenarioTest
octavia_tempest_plugin.tests.scenario.v2.test_member.MemberScenarioTest
octavia_tempest_plugin.tests.scenario.v2.test_pool.PoolScenarioTest
octavia_tempest_plugin.tests.scenario.v2.test_traffic_ops.TrafficOperationsScenarioTest
tempest.api.compute.servers.test_server_actions.ServerActionsV293TestJSON.test_rebuild_volume_backed_server
tempest.api.image.v2.admin.test_images.ImportCopyImagesTest.test_image_copy_image_import
tempest.api.image.v2.admin.test_images.MultiStoresImagesTest.test_delete_image_from_specific_store
tempest.api.image.v2.test_images.ImportImagesTest.test_image_glance_direct_import
tempest.api.image.v2.test_images.ImportImagesTest.test_image_web_download_import
tempest.api.image.v2.test_images.MultiStoresImportImagesTest.test_glance_direct_import_image_to_all_stores
tempest.api.image.v2.test_images.MultiStoresImportImagesTest.test_glance_direct_import_image_to_specific_stores
tempest.api.object_storage.test_account_quotas_negative.AccountQuotasNegativeTest.test_user_modify_quota
tempest.api.object_storage.test_container_acl_negative.ObjectACLsNegativeTest.test_delete_object_with_non_authorized_user
tempest.api.object_storage.test_container_acl_negative.ObjectACLsNegativeTest.test_delete_object_without_write_rights
tempest.api.object_storage.test_container_acl_negative.ObjectACLsNegativeTest.test_read_object_with_non_authorized_user
tempest.api.object_storage.test_container_acl_negative.ObjectACLsNegativeTest.test_read_object_without_rights
tempest.api.object_storage.test_container_acl_negative.ObjectACLsNegativeTest.test_write_object_with_non_authorized_user
tempest.api.object_storage.test_container_acl_negative.ObjectACLsNegativeTest.test_write_object_without_rights
tempest.api.object_storage.test_container_acl_negative.ObjectACLsNegativeTest.test_write_object_without_write_rights
tempest.api.object_storage.test_container_services.ContainerTest.test_create_container_with_remove_metadata_key
tempest.api.object_storage.test_container_services.ContainerTest.test_create_container_with_remove_metadata_value
tempest.api.object_storage.test_container_services_negative.ContainerNegativeTest.test_create_container_metadata_exceeds_overall_metadata_count
tempest.api.object_storage.test_container_services_negative.ContainerNegativeTest.test_create_container_metadata_name_exceeds_max_length
tempest.api.object_storage.test_container_services_negative.ContainerNegativeTest.test_create_container_metadata_value_exceeds_max_length
tempest.api.object_storage.test_container_sync_middleware.ContainerSyncMiddlewareTest.test_container_synchronization
tempest.api.object_storage.test_object_temp_url.ObjectTempUrlTest.test_get_object_using_temp_url
tempest.api.object_storage.test_object_temp_url.ObjectTempUrlTest.test_get_object_using_temp_url_key_2
tempest.api.object_storage.test_object_temp_url.ObjectTempUrlTest.test_get_object_using_temp_url_with_inline_query_parameter
tempest.api.object_storage.test_object_temp_url.ObjectTempUrlTest.test_head_object_using_temp_url
tempest.api.object_storage.test_object_temp_url.ObjectTempUrlTest.test_put_object_using_temp_url
tempest.api.volume.test_volumes_actions.VolumesActionsTest.test_volume_upload
tempest.scenario.test_instances_with_cinder_volumes.TestInstancesWithCinderVolumes.test_instances_with_cinder_volumes_on_all_compute_nodes
tempest.scenario.test_server_volume_attachment.TestServerVolumeAttachScenarioOldVersion.test_old_versions_reject
tempest.scenario.test_server_volume_attachment.TestServerVolumeAttachmentScenario.test_server_detach_rules
tempest.serial_tests.api.admin.test_aggregates.AggregatesAdminTestJSON.test_aggregate_add_host_create_server_with_az
tempest.serial_tests.scenario.test_aggregates_basic_ops.TestAggregatesBasicOps.test_aggregate_basic_ops
