tempest.api.compute.servers.test_availability_zone.AZV2TestJSON.test_get_availability_zone_list_with_non_admin_user
tempest.api.compute.flavors.test_flavors.FlavorsV2TestJSON.test_list_flavors
tempest.api.compute.flavors.test_flavors.FlavorsV2TestJSON.test_list_flavors_with_detail
tempest.api.compute.servers.test_instance_actions.InstanceActionsTestJSON.test_get_instance_action
tempest.api.compute.servers.test_instance_actions.InstanceActionsTestJSON.test_list_instance_actions
tempest.api.compute.servers.test_servers.ServersTestJSON.test_create_specify_keypair
tempest.api.compute.keypairs.test_keypairs_v22.KeyPairsV22TestJSON.test_keypairsv22_create_list_show_with_type
tempest.api.compute.test_versions.TestVersions.test_list_api_versions
tempest.api.compute.test_quotas.QuotasTestJSON.test_get_default_quotas
tempest.api.compute.test_quotas.QuotasTestJSON.test_get_quotas
tempest.api.compute.servers.test_servers.ServersTestJSON.test_create_server_with_admin_password
tempest.api.compute.servers.test_servers.ServersTestJSON.test_create_with_existing_server_name
tempest.api.compute.servers.test_servers_negative.ServersNegativeTestJSON.test_create_numeric_server_name
tempest.api.compute.servers.test_servers_negative.ServersNegativeTestJSON.test_create_server_metadata_exceeds_length_limit
tempest.api.compute.servers.test_servers_negative.ServersNegativeTestJSON.test_create_server_name_length_exceeds_256
tempest.api.compute.servers.test_servers_negative.ServersNegativeTestJSON.test_create_with_invalid_flavor
tempest.api.compute.servers.test_servers_negative.ServersNegativeTestJSON.test_create_with_invalid_image
tempest.api.compute.servers.test_servers_negative.ServersNegativeTestJSON.test_create_with_invalid_network_uuid
tempest.api.compute.servers.test_multiple_create.MultipleCreateTestJSON.test_multiple_create
tempest.api.compute.servers.test_delete_server.DeleteServersTestJSON.test_delete_active_server
tempest.api.compute.servers.test_servers_negative.ServersNegativeTestJSON.test_delete_server_pass_id_exceeding_length_limit
tempest.api.compute.servers.test_servers_negative.ServersNegativeTestJSON.test_delete_server_pass_negative_id
tempest.api.compute.servers.test_servers_negative.ServersNegativeTestJSON.test_get_non_existent_server
tempest.api.compute.servers.test_create_server.ServersTestJSON.test_host_name_is_same_as_server_name
tempest.api.compute.servers.test_servers_negative.ServersNegativeTestJSON.test_invalid_ip_v6_address
tempest.api.compute.servers.test_create_server.ServersTestJSON.test_list_servers
tempest.api.compute.servers.test_create_server.ServersTestJSON.test_list_servers_with_detail
tempest.api.compute.servers.test_list_server_filters.ListServerFiltersTestJSON.test_list_servers_detailed_filter_by_flavor
tempest.api.compute.servers.test_list_server_filters.ListServerFiltersTestJSON.test_list_servers_detailed_filter_by_image
tempest.api.compute.servers.test_list_server_filters.ListServerFiltersTestJSON.test_list_servers_detailed_filter_by_server_name
tempest.api.compute.servers.test_list_server_filters.ListServerFiltersTestJSON.test_list_servers_detailed_filter_by_server_status
tempest.api.compute.servers.test_list_server_filters.ListServerFiltersTestJSON.test_list_servers_detailed_limit_results
tempest.api.compute.servers.test_list_server_filters.ListServerFiltersTestJSON.test_list_servers_filter_by_flavor
tempest.api.compute.servers.test_list_server_filters.ListServerFiltersTestJSON.test_list_servers_filter_by_image
tempest.api.compute.servers.test_list_server_filters.ListServerFiltersTestJSON.test_list_servers_filter_by_limit
tempest.api.compute.servers.test_list_server_filters.ListServerFiltersTestJSON.test_list_servers_filter_by_server_name
tempest.api.compute.servers.test_list_server_filters.ListServerFiltersTestJSON.test_list_servers_filter_by_active_status
tempest.api.compute.servers.test_list_server_filters.ListServerFiltersTestJSON.test_list_servers_filtered_by_ip
tempest.api.compute.servers.test_list_server_filters.ListServerFiltersTestJSON.test_list_servers_filtered_by_ip_regex
tempest.api.compute.servers.test_list_server_filters.ListServerFiltersTestJSON.test_list_servers_filtered_by_name_wildcard
tempest.api.compute.servers.test_list_servers_negative.ListServersNegativeTestJSON.test_list_servers_by_changes_since_future_date
tempest.api.compute.servers.test_list_servers_negative.ListServersNegativeTestJSON.test_list_servers_by_changes_since_invalid_date
tempest.api.compute.servers.test_list_servers_negative.ListServersNegativeTestJSON.test_list_servers_by_limits_greater_than_actual_count
tempest.api.compute.servers.test_list_servers_negative.ListServersNegativeTestJSON.test_list_servers_by_limits_pass_negative_value
tempest.api.compute.servers.test_list_servers_negative.ListServersNegativeTestJSON.test_list_servers_by_limits_pass_string
tempest.api.compute.servers.test_list_servers_negative.ListServersNegativeTestJSON.test_list_servers_by_non_existing_flavor
tempest.api.compute.servers.test_list_servers_negative.ListServersNegativeTestJSON.test_list_servers_by_non_existing_image
tempest.api.compute.servers.test_list_servers_negative.ListServersNegativeTestJSON.test_list_servers_by_non_existing_server_name
tempest.api.compute.servers.test_list_servers_negative.ListServersNegativeTestJSON.test_list_servers_detail_server_is_deleted
tempest.api.compute.servers.test_list_servers_negative.ListServersNegativeTestJSON.test_list_servers_status_non_existing
tempest.api.compute.servers.test_list_servers_negative.ListServersNegativeTestJSON.test_list_servers_with_a_deleted_server
tempest.api.compute.servers.test_server_actions.ServerActionsTestJSON.test_lock_unlock_server
tempest.api.compute.servers.test_servers_negative.ServersNegativeTestJSON.test_server_name_blank
tempest.api.compute.servers.test_server_actions.ServerActionsTestJSON.test_reboot_server_hard
tempest.api.compute.servers.test_servers_negative.ServersNegativeTestJSON.test_reboot_non_existent_server
tempest.api.compute.servers.test_server_actions.ServerActionsTestJSON.test_rebuild_server
tempest.api.compute.servers.test_servers_negative.ServersNegativeTestJSON.test_rebuild_non_existent_server
tempest.api.compute.servers.test_servers_negative.ServersNegativeTestJSON.test_rebuild_deleted_server
tempest.api.compute.servers.test_server_actions.ServerActionsTestJSON.test_resize_server_confirm
tempest.api.compute.servers.test_server_actions.ServerActionsTestJSON.test_resize_server_revert
tempest.api.compute.servers.test_servers_negative.ServersNegativeTestJSON.test_resize_server_with_non_existent_flavor
tempest.api.compute.servers.test_servers_negative.ServersNegativeTestJSON.test_resize_server_with_null_flavor
tempest.api.compute.servers.test_server_actions.ServerActionsTestJSON.test_stop_start_server
tempest.api.compute.servers.test_servers_negative.ServersNegativeTestJSON.test_stop_non_existent_server
tempest.api.compute.servers.test_servers.ServersTestJSON.test_update_access_server_address
tempest.api.compute.servers.test_servers.ServersTestJSON.test_update_server_name
tempest.api.compute.servers.test_servers_negative.ServersNegativeTestJSON.test_update_name_of_non_existent_server
tempest.api.compute.servers.test_servers_negative.ServersNegativeTestJSON.test_update_server_name_length_exceeds_256
tempest.api.compute.servers.test_servers_negative.ServersNegativeTestJSON.test_update_server_set_empty_name
tempest.api.compute.servers.test_create_server.ServersTestJSON.test_verify_created_server_vcpus
tempest.api.compute.servers.test_create_server.ServersTestJSON.test_verify_server_details
tempest.api.compute.volumes.test_attach_volume.AttachVolumeTestJSON.test_attach_detach_volume
tempest.api.compute.volumes.test_attach_volume.AttachVolumeTestJSON.test_list_get_volume_attachments
tempest.api.compute.images.test_images_oneserver.ImagesOneServerTestJSON.test_create_delete_image
tempest.api.compute.images.test_images_oneserver.ImagesOneServerTestJSON.test_create_image_specify_multibyte_character_image_name
tempest.api.compute.servers.test_server_tags.ServerTagsTestJSON.test_update_all_tags
tempest.api.compute.servers.test_server_tags.ServerTagsTestJSON.test_delete_all_tags
tempest.api.compute.servers.test_server_tags.ServerTagsTestJSON.test_check_tag_existence
tempest.api.compute.servers.test_server_tags.ServerTagsTestJSON.test_create_delete_tag
tempest.api.identity.v3.test_api_discovery.TestApiDiscovery.test_api_version_resources
tempest.api.identity.v3.test_api_discovery.TestApiDiscovery.test_api_media_types
tempest.api.identity.v3.test_api_discovery.TestApiDiscovery.test_api_version_statuses
tempest.api.identity.v3.test_api_discovery.TestApiDiscovery.test_list_api_versions
tempest.api.identity.v3.test_catalog.IdentityCatalogTest.test_catalog_standardization
tempest.api.identity.v3.test_projects.IdentityV3ProjectsTest.test_list_projects_returns_only_authorized_projects
tempest.api.identity.v3.test_tokens.TokensV3Test.test_create_token
tempest.api.identity.v3.test_tokens.TokensV3Test.test_token_auth_creation_existence_deletion
tempest.api.identity.v3.test_tokens.TokensV3Test.test_validate_token
tempest.api.identity.v3.test_application_credentials.ApplicationCredentialsV3Test.test_create_application_credential
tempest.api.identity.v3.test_application_credentials.ApplicationCredentialsV3Test.test_create_application_credential_expires
tempest.api.identity.v3.test_application_credentials.ApplicationCredentialsV3Test.test_list_application_credentials
tempest.api.identity.v3.test_application_credentials.ApplicationCredentialsV3Test.test_query_application_credentials
tempest.api.identity.v3.test_users.IdentityV3UsersTest.test_password_history_check_self_service_api
tempest.api.identity.v3.test_users.IdentityV3UsersTest.test_user_account_lockout
tempest.api.identity.v3.test_users.IdentityV3UsersTest.test_user_update_own_password
tempest.api.identity.v3.test_domains.DefaultDomainTestJSON.test_default_domain_exists
tempest.api.image.v2.test_images.ListUserImagesTest.test_list_no_params
tempest.api.image.v2.test_images.BasicOperationsImagesTest.test_delete_image
tempest.api.image.v2.test_images_negative.ImagesNegativeTest.test_delete_image_null_id
tempest.api.image.v2.test_images_negative.ImagesNegativeTest.test_delete_non_existing_image
tempest.api.image.v2.test_images_tags_negative.ImagesTagsNegativeTest.test_delete_non_existing_tag
tempest.api.image.v2.test_images.ListUserImagesTest.test_get_image_schema
tempest.api.image.v2.test_images.ListUserImagesTest.test_get_images_schema
tempest.api.image.v2.test_images_negative.ImagesNegativeTest.test_get_delete_deleted_image
tempest.api.image.v2.test_images_negative.ImagesNegativeTest.test_get_image_null_id
tempest.api.image.v2.test_images_negative.ImagesNegativeTest.test_get_non_existent_image
tempest.api.image.v2.test_images.ListUserImagesTest.test_list_images_param_container_format
tempest.api.image.v2.test_images.ListUserImagesTest.test_list_images_param_disk_format
tempest.api.image.v2.test_images.ListUserImagesTest.test_list_images_param_limit
tempest.api.image.v2.test_images.ListUserImagesTest.test_list_images_param_min_max_size
tempest.api.image.v2.test_images.ListUserImagesTest.test_list_images_param_size
tempest.api.image.v2.test_images.ListUserImagesTest.test_list_images_param_status
tempest.api.image.v2.test_images.ListUserImagesTest.test_list_images_param_visibility
tempest.api.image.v2.test_images.BasicOperationsImagesTest.test_register_upload_get_image_file
tempest.api.image.v2.test_images_negative.ImagesNegativeTest.test_register_with_invalid_container_format
tempest.api.image.v2.test_images_negative.ImagesNegativeTest.test_register_with_invalid_disk_format
tempest.api.image.v2.test_images.BasicOperationsImagesTest.test_update_image
tempest.api.image.v2.test_images_tags.ImagesTagsTest.test_update_delete_tags_for_image
tempest.api.image.v2.test_images_tags_negative.ImagesTagsNegativeTest.test_update_tags_for_non_existing_image
tempest.api.network.test_networks.NetworksTest.test_create_delete_subnet_all_attributes
tempest.api.network.test_networks.NetworksTest.test_create_delete_subnet_with_allocation_pools
tempest.api.network.test_networks.NetworksTest.test_create_delete_subnet_with_dhcp_enabled
tempest.api.network.test_networks.NetworksTest.test_create_delete_subnet_with_gw
tempest.api.network.test_networks.NetworksTest.test_create_delete_subnet_with_gw_and_allocation_pools
tempest.api.network.test_networks.NetworksTest.test_create_delete_subnet_with_host_routes_and_dns_nameservers
tempest.api.network.test_networks.NetworksTest.test_create_delete_subnet_without_gateway
tempest.api.network.test_networks.NetworksTest.test_create_update_delete_network_subnet
tempest.api.network.test_ports.PortsTestJSON.test_create_bulk_port
tempest.api.network.test_ports.PortsTestJSON.test_create_port_in_allowed_allocation_pools
tempest.api.network.test_ports.PortsTestJSON.test_create_update_delete_port
tempest.api.network.test_networks.NetworksTest.test_delete_network_with_subnet
tempest.api.network.test_networks.NetworksTest.test_list_networks
tempest.api.network.test_networks.NetworksTest.test_list_networks_fields
tempest.api.network.test_networks.NetworksTest.test_list_subnets
tempest.api.network.test_networks.NetworksTest.test_list_subnets_fields
tempest.api.network.test_ports.PortsTestJSON.test_list_ports
tempest.api.network.test_ports.PortsTestJSON.test_list_ports_fields
tempest.api.network.test_networks.NetworksTest.test_show_network
tempest.api.network.test_networks.NetworksTest.test_show_network_fields
tempest.api.network.test_networks.NetworksTest.test_show_subnet
tempest.api.network.test_networks.NetworksTest.test_show_subnet_fields
tempest.api.network.test_ports.PortsTestJSON.test_show_port
tempest.api.network.test_ports.PortsTestJSON.test_show_port_fields
tempest.api.network.test_networks.NetworksTest.test_update_subnet_gw_dns_host_routes_dhcp
tempest.api.network.test_ports.PortsTestJSON.test_update_port_with_security_group_and_extra_attributes
tempest.api.network.test_ports.PortsTestJSON.test_update_port_with_two_security_groups_and_extra_attributes
tempest.api.network.test_routers.RoutersTest.test_add_multiple_router_interfaces
tempest.api.network.test_routers.RoutersTest.test_add_remove_router_interface_with_port_id
tempest.api.network.test_routers.RoutersTest.test_add_remove_router_interface_with_subnet_id
tempest.api.network.test_routers_negative.RoutersNegativeTest.test_add_router_interfaces_on_overlapping_subnets_returns_400
tempest.api.network.test_routers.RoutersTest.test_create_show_list_update_delete_router
tempest.api.network.test_routers_negative.RoutersNegativeTest.test_delete_non_existent_router_returns_404
tempest.api.network.test_routers_negative.RoutersNegativeTest.test_show_non_existent_router_returns_404
tempest.api.network.test_routers.RoutersTest.test_update_delete_extra_route
tempest.api.network.test_routers.RoutersTest.test_update_router_admin_state
tempest.api.network.test_routers_negative.RoutersNegativeTest.test_update_non_existent_router_returns_404
tempest.api.network.test_networks.NetworksTest.test_external_network_visibility
tempest.api.network.test_ports.PortsTestJSON.test_port_list_filter_by_router_id
tempest.api.network.test_routers.RoutersTest.test_router_interface_port_update_with_fixed_ip
tempest.api.network.test_routers_negative.RoutersNegativeTest.test_router_add_gateway_invalid_network_returns_404
tempest.api.network.test_routers_negative.RoutersNegativeTest.test_router_add_gateway_net_not_external_returns_400
tempest.api.network.test_routers_negative.RoutersNegativeTest.test_router_remove_interface_in_use_returns_409
tempest.api.network.test_dhcp_ipv6.NetworksTestDHCPv6.test_dhcp_stateful
tempest.api.network.test_dhcp_ipv6.NetworksTestDHCPv6.test_dhcp_stateful_fixedips
tempest.api.network.test_dhcp_ipv6.NetworksTestDHCPv6.test_dhcp_stateful_fixedips_duplicate
tempest.api.network.test_dhcp_ipv6.NetworksTestDHCPv6.test_dhcp_stateful_fixedips_outrange
tempest.api.network.test_dhcp_ipv6.NetworksTestDHCPv6.test_dhcp_stateful_router
tempest.api.network.test_dhcp_ipv6.NetworksTestDHCPv6.test_dhcpv6_64_subnets
tempest.api.network.test_dhcp_ipv6.NetworksTestDHCPv6.test_dhcpv6_invalid_options
tempest.api.network.test_dhcp_ipv6.NetworksTestDHCPv6.test_dhcpv6_stateless_eui64
tempest.api.network.test_dhcp_ipv6.NetworksTestDHCPv6.test_dhcpv6_stateless_no_ra
tempest.api.network.test_dhcp_ipv6.NetworksTestDHCPv6.test_dhcpv6_stateless_no_ra_no_dhcp
tempest.api.network.test_dhcp_ipv6.NetworksTestDHCPv6.test_dhcpv6_two_subnets
tempest.api.network.test_floating_ips.FloatingIPTestJSON.test_create_floating_ip_specifying_a_fixed_ip_address
tempest.api.network.test_floating_ips.FloatingIPTestJSON.test_create_update_floatingip_with_port_multiple_ip_address
tempest.api.network.test_floating_ips.FloatingIPTestJSON.test_floating_ip_delete_port
tempest.api.network.test_floating_ips.FloatingIPTestJSON.test_floating_ip_update_different_router
tempest.api.network.test_floating_ips_negative.FloatingIPNegativeTestJSON.test_associate_floatingip_port_ext_net_unreachable
tempest.api.network.test_floating_ips_negative.FloatingIPNegativeTestJSON.test_create_floatingip_in_private_network
tempest.api.network.test_floating_ips_negative.FloatingIPNegativeTestJSON.test_create_floatingip_with_port_ext_net_unreachable
tempest.api.network.test_security_groups.SecurityGroupsTestJSON.test_create_list_update_delete_security_group
tempest.api.network.test_security_groups.SecurityGroupsTestJSON.test_create_show_delete_security_group
tempest.api.compute.security_groups.test_security_groups.SecurityGroupsTestJSON.test_list_security_groups_by_server
tempest.api.compute.security_groups.test_security_groups.SecurityGroupsTestJSON.test_security_group_create_get_delete
tempest.api.compute.security_groups.test_security_groups.SecurityGroupsTestJSON.test_security_groups_create_list_delete
tempest.api.compute.security_groups.test_security_groups.SecurityGroupsTestJSON.test_server_security_groups
tempest.api.compute.security_groups.test_security_groups.SecurityGroupsTestJSON.test_update_security_groups
tempest.api.compute.security_groups.test_security_groups_negative.SecurityGroupsNegativeTestJSON.test_delete_nonexistent_security_group
tempest.api.compute.security_groups.test_security_groups_negative.SecurityGroupsNegativeTestJSON.test_delete_security_group_without_passing_id
tempest.api.compute.security_groups.test_security_groups_negative.SecurityGroupsNegativeTestJSON.test_delete_the_default_security_group
tempest.api.volume.test_versions.VersionsV3TestJSON.test_list_versions
tempest.api.volume.v3.test_volumes.VolumesV3TestJSON.test_create_delete_volume
tempest.api.volume.v3.test_volumes.VolumesV3TestJSON.test_create_delete_volume_from_image
tempest.api.volume.v3.test_snapshots.SnapshotsV3TestJSON.test_create_delete_snapshot
tempest.api.volume.v3.test_volumes.VolumesV3TestJSON.test_get_volume
tempest.api.volume.v3.test_snapshots.SnapshotsV3TestJSON.test_get_snapshot
tempest.api.volume.v3.test_volumes.VolumesV3TestJSON.test_list_volumes
tempest.api.volume.v3.test_snapshots.SnapshotsV3TestJSON.test_list_snapshots
tempest.api.volume.v3.test_volumes.VolumesV3TestJSON.test_update_volume
tempest.api.volume.v3.test_volumes.VolumesV3TestJSON.test_create_volume_from_image
tempest.api.volume.v3.test_volumes.VolumesV3TestJSON.test_create_volume_from_volume
tempest.api.volume.v3.test_availability_zones.AvailabilityZonesV3TestJSON.test_list_availability_zones
